-- The following test checks if the correct number and type of sockets are
-- created for motion connections both on QD and QE backends for the same
-- gp_session_id. Additionally we check if the source address used for creating
-- the motion sockets is equal to gp_segment_configuration.address.
-- start_matchsubs
-- m/^INFO:  Checking postgres backend postgres:.*/
-- s/^INFO:  Checking postgres backend postgres:.*/INFO:  Checking postgres backend postgres: XXX/
-- end_matchsubs
CREATE FUNCTION check_motion_sockets()
    RETURNS VOID as $$
import psutil, socket

# Create a temporary table to create a writer gang
plpy.execute("CREATE TEMP TABLE motion_socket_force_create_gang(i int);")

# Since we have slightly different logic in constructing the source address of
# motion sockets for singleton readers on the QD, create a singleton reader on
# the QD as well.
plpy.execute("SELECT * FROM motion_socket_force_create_gang, pg_database;")

# We expect different number of sockets to be created for different
# interconnect types
# UDP: See calls to setupUDPListeningSocket in InitMotionUDPIFC
# TCP/PROXY: See call to setupTCPListeningSocket in InitMotionTCP
res = plpy.execute("SELECT current_setting('gp_interconnect_type');", 1)
ic_type = res[0]['current_setting']
if ic_type in ['tcp', 'proxy']:
    expected_socket_count_per_segment = 1
    expected_socket_kind = socket.SOCK_STREAM
elif ic_type=='udpifc':
    expected_socket_count_per_segment = 2
    expected_socket_kind = socket.SOCK_DGRAM
else:
    plpy.error('Unrecognized gp_interconnect_type {}.'.format(ic_type))

# Since this test is run on a single physical host we assume that all segments
# have the same gp_segment_configuration.address
res = plpy.execute("SELECT address FROM gp_segment_configuration;", 1)
hostip = socket.gethostbyname(res[0]['address'])

res = plpy.execute("SELECT current_setting('gp_session_id');", 1)
qd_backend_conn_id = res[0]['current_setting']

for process in psutil.process_iter():
    # We iterate through all backends related to connection id
    # of current session
    # Exclude zombies to avoid psutil.ZombieProcess exceptions
    # on calling process.cmdline()
    if process.name() == 'postgres' and process.status() != psutil.STATUS_ZOMBIE:
        if ' con' + qd_backend_conn_id + ' ' in process.cmdline()[0]:
            motion_socket_count = 0
            plpy.info('Checking postgres backend {}'.format(process.cmdline()[0]))
            for conn in process.connections():
                if conn.type == expected_socket_kind and conn.raddr == () \
                and conn.laddr[0] == hostip:   # Compare source ip of conn
                    motion_socket_count += 1

            if motion_socket_count != expected_socket_count_per_segment:
                plpy.error('Expected {} motion sockets but found {}. '\
                'For backend process {}. connections= {}'\
                .format(expected_socket_count_per_segment, process,\
                motion_socket_count, process.connections()))


$$ LANGUAGE plpythonu EXECUTE ON MASTER;
SELECT check_motion_sockets();
NOTICE:  Table doesn't have 'DISTRIBUTED BY' clause -- Using column named 'i' as the Greenplum Database data distribution key for this table.
HINT:  The 'DISTRIBUTED BY' clause determines the distribution of data. Make sure column(s) chosen are the optimal data distribution key to minimize skew.
CONTEXT:  SQL statement "CREATE TEMP TABLE motion_socket_force_create_gang(i int);"
PL/Python function "check_motion_sockets"
INFO:  Checking postgres backend postgres:  6000, vanjared regression 127.0.0.1(60826) con67 cmd2 SELECT
CONTEXT:  PL/Python function "check_motion_sockets"
INFO:  Checking postgres backend postgres:  6002, vanjared regression 127.0.0.1(60827) con67 seg0 idle in transaction
CONTEXT:  PL/Python function "check_motion_sockets"
INFO:  Checking postgres backend postgres:  6003, vanjared regression 127.0.0.1(60828) con67 seg1 idle in transaction
CONTEXT:  PL/Python function "check_motion_sockets"
INFO:  Checking postgres backend postgres:  6004, vanjared regression 127.0.0.1(60829) con67 seg2 idle in transaction
CONTEXT:  PL/Python function "check_motion_sockets"
INFO:  Checking postgres backend postgres:  6000, vanjared regression 127.0.0.1(60830) con67 seg-1 idle
CONTEXT:  PL/Python function "check_motion_sockets"
 check_motion_sockets 
----------------------
 
(1 row)

